
> cake-shop@0.1.0 build
> next build

[baseline-browser-mapping] The data in this module is over two months old.  To ensure accurate Baseline data, please update: `npm i baseline-browser-mapping@latest -D`
 ⚠ Invalid next.config.ts options detected: 
 ⚠     Unrecognized key(s) in object: 'swcMinify'
 ⚠ See more info here: https://nextjs.org/docs/messages/invalid-next-config
 ⚠ Warning: Next.js inferred your workspace root, but it may not be correct.
 We detected multiple lockfiles and selected the directory of G:\CAKE-WEBSITE\package-lock.json as the root directory.
 To silence this warning, set `turbopack.root` in your Next.js config, or consider removing one of the lockfiles if it's not needed.
   See https://nextjs.org/docs/app/api-reference/config/next-config-js/turbopack#root-directory for more information.
 Detected additional lockfiles: 
   * G:\CAKE-WEBSITE\cake-shop\package-lock.json

   ▲ Next.js 16.0.10 (Turbopack)
   - Environments: .env.local, .env

 ⚠ The "middleware" file convention is deprecated. Please use "proxy" instead. Learn more: https://nextjs.org/docs/messages/middleware-to-proxy
   Creating an optimized production build ...
[baseline-browser-mapping] The data in this module is over two months old.  To ensure accurate Baseline data, please update: `npm i baseline-browser-mapping@latest -D`
 ✓ Compiled successfully in 39.1s
   Running TypeScript ...
Failed to compile.

./next.config.ts:13:3
Type error: Object literal may only specify known properties, and 'swcMinify' does not exist in type 'NextConfig'.

[0m [90m 11 |[39m   }[33m,[39m
 [90m 12 |[39m   [90m// Netlify optimizations[39m
[31m[1m>[22m[39m[90m 13 |[39m   swcMinify[33m:[39m [36mtrue[39m[33m,[39m
 [90m    |[39m   [31m[1m^[22m[39m
 [90m 14 |[39m   compress[33m:[39m [36mtrue[39m[33m,[39m
 [90m 15 |[39m }[33m;[39m
 [90m 16 |[39m[0m
Next.js build worker exited with code: 1 and signal: null
